192.0.0.1 - - [01/Feb/2015:13:39:25 -0800] "GET /datasetlist?search=sea%20surface HTTP/1.1" 100 328 "-" "Mozilla/5.0 (X11; Ubuntu; Linux x86_64; rv:35.0) Gecko/20100101 Firefox/35.0"
192.0.0.1 - - [01/Feb/2015:13:39:30 -0800] "GET /datasetlist?search=sea%20surface HTTP/1.1" 100 328 "-" "Mozilla/5.0 (X11; Ubuntu; Linux x86_64; rv:35.0) Gecko/20100101 Firefox/35.0"
192.0.0.1 - - [01/Feb/2015:13:39:35 -0800] "GET /dataset/UCLA_DEALIASED_SASS_L3?ids=&values=&search=sea%20surface HTTP/1.1" 200 92854 "https://podaac.jpl.nasa.gov/datasetlist?search=sea%20surface" "Mozilla/5.0 (X11; Ubuntu; Linux x86_64; rv:35.0) Gecko/20100101 Firefox/35.0"
192.0.0.1 - - [01/Feb/2015:13:39:40 -0800] "GET /dataset/NSCAT_LEVEL_3_V2?ids=&values=&search=sea%20surface HTTP/1.1" 200 92854 "https://podaac.jpl.nasa.gov/datasetlist?search=sea%20surface" "Mozilla/5.0 (X11; Ubuntu; Linux x86_64; rv:35.0) Gecko/20100101 Firefox/35.0"
192.0.0.1 - - [01/Feb/2015:13:39:45 -0800] "GET /dataset/AVHRR_PATHFINDER_L3_SST_MONTHLY_DAYTIME_V51?ids=&values=&search=sea%20surface HTTP/1.1" 200 92854 "https://podaac.jpl.nasa.gov/datasetlist?search=sea%20surface" "Mozilla/5.0 (X11; Ubuntu; Linux x86_64; rv:35.0) Gecko/20100101 Firefox/35.0"
192.0.0.1 - - [01/Feb/2015:13:39:50 -0800] "GET /opendap/allData/avhrr/L3/pathfinder_v51/monthly/day/ HTTP/1.1" 200 92854 "https://podaac.jpl.nasa.gov/datasetlist?search=sea%20surface" "Mozilla/5.0 (X11; Ubuntu; Linux x86_64; rv:35.0) Gecko/20100101 Firefox/35.0"
192.0.0.1 - - [01/Feb/2015:13:39:55 -0800] "GET /opendap/allData/avhrr/L3/pathfinder_v51/monthly/day/04km/1982/02/198202.m04m3pfv51-msk1.hdf.html HTTP/1.1" 200 92854 "https://podaac.jpl.nasa.gov//opendap/allData/avhrr/L3/pathfinder_v51/monthly/day/" "Mozilla/5.0 (X11; Ubuntu; Linux x86_64; rv:35.0) Gecko/20100101 Firefox/35.0"
192.0.0.1 - - [01/Feb/2015:13:40:00 -0800] "GET /dataset/AVHRR_PATHFINDER_L3_SST_5DAY_NIGHTTIME_V51?ids=&values=&search=sea%20surface HTTP/1.1" 200 92854 "https://podaac.jpl.nasa.gov/datasetlist?search=sea%20surface" "Mozilla/5.0 (X11; Ubuntu; Linux x86_64; rv:35.0) Gecko/20100101 Firefox/35.0"
192.0.0.1 - - [01/Feb/2015:13:40:05 -0800] "GET /thredds/catalog/ncml_aggregation/OceanTemperature/avhrr/pathfinder_v51/5day/night/catalog.html HTTP/1.1" 200 92854 "https://podaac.jpl.nasa.gov/dataset/AVHRR_PATHFINDER_L3_SST_5DAY_NIGHTTIME_V51?ids=&values=&search=sea%20surface" "Mozilla/5.0 (X11; Ubuntu; Linux x86_64; rv:35.0) Gecko/20100101 Firefox/35.0"
192.0.0.1 - - [01/Feb/2015:13:40:10 -0800] "GET /thredds/fileServer/ncml_aggregation/OceanTemperature/avhrr/pathfinder_v51/5day/night/aggregate__avhrr_AVHRR_PATHFINDER_L3_QUAL_5DAY_NIGHTTIME_V51.ncml HTTP/1.1" 200 92854 "https://thredds.jpl.nasa.gov/thredds/catalog/ncml_aggregation/OceanTemperature/avhrr/pathfinder_v51/5day/night/catalog.html" "Mozilla/5.0 (X11; Ubuntu; Linux x86_64; rv:35.0) Gecko/20100101 Firefox/35.0"
192.0.0.1 - - [01/Feb/2015:13:40:16 -0800] "GET /datasetlist?ids=Measurement&values=Sea+Surface+Topography HTTP/1.1" 200 92854 "-" "Mozilla/5.0 (X11; Ubuntu; Linux x86_64; rv:35.0) Gecko/20100101 Firefox/35.0"
192.0.0.1 - - [01/Feb/2015:13:40:21 -0800] "GET /datasetlist?ids=Measurement:ProcessingLevel&values=Sea%20Surface%20Topography:*4*&view=list HTTP/1.1" 200 89088 "http://podaac.jpl.nasa.gov/datasetlist?ids=Measurement&values=Sea+Surface+Topography" "Mozilla/5.0 (X11; Ubuntu; Linux x86_64; rv:35.0) Gecko/20100101 Firefox/35.0"
192.0.0.1 - - [01/Feb/2015:13:40:26 -0800] "GET /datasetlist?ids=Measurement:ProcessingLevel:GridSpatialResolution&values=Sea%20Surface%20Topography:*4*:0.25&view=list HTTP/1.1" 200 83406 "http://podaac.jpl.nasa.gov/datasetlist?ids=Measurement:ProcessingLevel&values=Sea%20Surface%20Topography:*4*&view=list" "Mozilla/5.0 (X11; Ubuntu; Linux x86_64; rv:35.0) Gecko/20100101 Firefox/35.0"
192.0.0.1 - - [01/Feb/2015:13:40:31 -0800] "GET /datasetlist?ids=Measurement:ProcessingLevel:GridSpatialResolution:TemporalResolution:Variable&values=Sea%20Surface%20Topography:*4*:0.25:7%20days:Sea%20Surface%20Height&view=list HTTP/1.1" 200 85312 "http://podaac.jpl.nasa.gov/datasetlist?ids=Measurement:ProcessingLevel:GridSpatialResolution&values=Sea%20Surface%20Topography:*4*:0.25&view=list" "Mozilla/5.0 (X11; Ubuntu; Linux x86_64; rv:35.0) Gecko/20100101 Firefox/35.0"
192.0.0.1 - - [01/Feb/2015:13:40:36 -0800] "GET /dataset/OSTM_L2_OST_OGDR_GPS HTTP/1.1" 200 85312 "http://podaac.jpl.nasa.gov/datasetlist?ids=Measurement:ProcessingLevel:GridSpatialResolution:TemporalResolution:Variable&values=Sea%20Surface%20Topography:*4*:0.25:7%20days:Sea%20Surface%20Height&view=list" "Mozilla/5.0 (X11; Ubuntu; Linux x86_64; rv:35.0) Gecko/20100101 Firefox/35.0"
192.0.0.1 - - [01/Feb/2015:13:52:13 -0800] "GET /datasetlist?ids=Measurement&values=Sea+Surface+Topography HTTP/1.1" 200 92854 "-" "Mozilla/5.0 (X11; Ubuntu; Linux x86_64; rv:35.0) Gecko/20100101 Firefox/35.0"
192.0.0.1 - - [01/Feb/2015:13:52:33 -0800] "GET /datasetlist?ids=Measurement:ProcessingLevel&values=Sea%20Surface%20Topography:*4*&view=list HTTP/1.1" 200 89088 "http://podaac.jpl.nasa.gov/datasetlist?ids=Measurement&values=Sea+Surface+Topography" "Mozilla/5.0 (X11; Ubuntu; Linux x86_64; rv:35.0) Gecko/20100101 Firefox/35.0"
192.0.0.2- - [01/Feb/2015:14:42:46 -0800] "GET /datasetlist?ids=Measurement&values=Ocean%20Optics&view=list HTTP/1.1" 200 81117 "http://podaac.jpl.nasa.gov/dataset/OSTM_L2_OST_OGDR_GPS" "Mozilla/5.0 (compatible; MSIE 9.0; Windows NT 6.1; WOW64; Trident/5.0)"
192.0.0.2- - [01/Feb/2015:14:43:02 -0800] "GET /datasetlist?ids=Measurement:Variable&values=Ocean%20Optics:Ocean%20Color&view=list HTTP/1.1" 200 81828 "http://podaac.jpl.nasa.gov/datasetlist?ids=Measurement&values=Ocean%20Optics&view=list" "Mozilla/5.0 (compatible; MSIE 9.0; Windows NT 6.1; WOW64; Trident/5.0)"
192.0.0.2- - [01/Feb/2015:14:43:12 -0800] "GET /datasetlist?ids=Measurement:Variable:Platform&values=Ocean%20Optics:Ocean%20Color:AQUA&view=list HTTP/1.1" 200 81384 "http://podaac.jpl.nasa.gov/datasetlist?ids=Measurement:Variable&values=Ocean%20Optics:Ocean%20Color&view=list" "Mozilla/5.0 (compatible; MSIE 9.0; Windows NT 6.1; WOW64; Trident/5.0)"
192.0.0.2- - [01/Feb/2015:14:43:18 -0800] "GET /datasetlist?view=list&ids=Measurement%3AVariable%3APlatform&values=Ocean%20Optics%3AOcean%20Color%3AAQUA HTTP/1.1" 200 81392 "http://podaac.jpl.nasa.gov/datasetlist?ids=Measurement:Variable:Platform&values=Ocean%20Optics:Ocean%20Color:AQUA&view=list" "Mozilla/5.0 (compatible; MSIE 9.0; Windows NT 6.1; WOW64; Trident/5.0)"
192.0.0.2- - [01/Feb/2015:14:43:19 -0800] "GET /datasetlist?view=table&ids=Measurement%3AVariable%3APlatform&values=Ocean%20Optics%3AOcean%20Color%3AAQUA HTTP/1.1" 200 81411 "http://podaac.jpl.nasa.gov/datasetlist?ids=Measurement:Variable:Platform&values=Ocean%20Optics:Ocean%20Color:AQUA&view=list" "Mozilla/5.0 (compatible; MSIE 9.0; Windows NT 6.1; WOW64; Trident/5.0)"
192.0.0.3 - - [01/Feb/2015:17:06:52 -0800] "GET /datasetlist?search=NOAA HTTP/1.1" 200 79006 "http://podaac.jpl.nasa.gov/" "Mozilla/5.0 (Windows NT 6.1; WOW64; rv:34.0) Gecko/20100101 Firefox/34.0"
192.0.0.3 - - [01/Feb/2015:17:07:52 -0800] "GET /datasetlist?search=JPSS HTTP/1.1" 200 79006 "http://podaac.jpl.nasa.gov/" "Mozilla/5.0 (Windows NT 6.1; WOW64; rv:34.0) Gecko/20100101 Firefox/34.0"
192.0.0.3 - - [01/Feb/2015:17:08:09 -0800] "GET /datasetlist?search=VIIRS HTTP/1.1" 200 82024 "http://podaac.jpl.nasa.gov/" "Mozilla/5.0 (Windows NT 6.1; WOW64; rv:34.0) Gecko/20100101 Firefox/34.0"
192.0.0.4 - - [01/Feb/2015:20:20:06 -0800] "GET /datasetlist?ids=Measurement:ProcessingLevel&values=Ocean%20Waves:*2* HTTP/1.1" 200 87803 "-" "Mozilla/5.0 (Windows NT 6.1; Trident/7.0; rv:11.0) like Gecko"
192.0.0.5 - - [01/Feb/2015:20:38:41 -0800] "GET /datasetlist?search=JASON-1 HTTP/1.1" 200 92260 "http://podaac.jpl.nasa.gov/JASON1" "Mozilla/5.0 (Windows NT 6.2; WOW64) AppleWebKit/537.36 (KHTML, like Gecko) Chrome/33.0.1750.154 Safari/537.36"
192.0.0.5 - - [01/Feb/2015:20:39:24 -0800] "GET /datasetlist?ids=TemporalResolution&values=1%20month&search=JASON-1&view=list HTTP/1.1" 200 85179 "http://podaac.jpl.nasa.gov/datasetlist?search=JASON-1" "Mozilla/5.0 (Windows NT 6.2; WOW64) AppleWebKit/537.36 (KHTML, like Gecko) Chrome/33.0.1750.154 Safari/537.36"
192.0.0.5 - - [01/Feb/2015:20:51:15 -0800] "GET /datasetlist?ids=TimeSpan&values=%5B3651%20TO%20*%5D&search=JASON-1&view=list HTTP/1.1" 200 94949 "http://podaac.jpl.nasa.gov/datasetlist?search=JASON-1" "Mozilla/5.0 (Windows NT 6.2; WOW64) AppleWebKit/537.36 (KHTML, like Gecko) Chrome/33.0.1750.154 Safari/537.36"
192.0.0.5 - - [01/Feb/2015:20:51:34 -0800] "GET /datasetlist?ids=TimeSpan:TemporalResolution&values=%5B3651%20TO%20*%5D:1%20month&search=JASON-1&view=list HTTP/1.1" 200 86175 "http://podaac.jpl.nasa.gov/datasetlist?ids=TimeSpan&values=%5B3651%20TO%20*%5D&search=JASON-1&view=list" "Mozilla/5.0 (Windows NT 6.2; WOW64) AppleWebKit/537.36 (KHTML, like Gecko) Chrome/33.0.1750.154 Safari/537.36"
192.0.0.6 - - [01/Feb/2015:20:56:07 -0800] "GET /datasetlist?search=GHRSST HTTP/1.1" 200 101095 "http://podaac.jpl.nasa.gov/GHRSST/" "Mozilla/5.0 (Windows NT 6.3; WOW64; rv:35.0) Gecko/20100101 Firefox/35.0"
192.0.0.7 - - [01/Feb/2015:21:47:23 -0800] "GET /datasetlist?ids=Measurement&values=Ocean%20Temperature&view=list HTTP/1.1" 200 109076 "http://podaac.jpl.nasa.gov/" "Mozilla/5.0 (Windows NT 6.1) AppleWebKit/537.36 (KHTML, like Gecko) Chrome/39.0.2171.99 Safari/537.36"
192.0.0.7 - - [01/Feb/2015:21:48:18 -0800] "GET /datasetlist?ids=Measurement:TemporalResolution&values=Ocean%20Temperature:1%20Month&view=list HTTP/1.1" 200 81593 "http://podaac.jpl.nasa.gov/datasetlist?ids=Measurement&values=Ocean%20Temperature&view=list" "Mozilla/5.0 (Windows NT 6.1) AppleWebKit/537.36 (KHTML, like Gecko) Chrome/39.0.2171.99 Safari/537.36"
192.0.0.7 - - [01/Feb/2015:21:49:40 -0800] "GET /datasetlist?ids=Measurement:TemporalResolution:Variable&values=Ocean%20Temperature:1%20Month:Sea%20Surface%20Temperature&view=list HTTP/1.1" 200 82465 "http://podaac.jpl.nasa.gov/datasetlist?ids=Measurement:TemporalResolution&values=Ocean%20Temperature:1%20Month&view=list" "Mozilla/5.0 (Windows NT 6.1) AppleWebKit/537.36 (KHTML, like Gecko) Chrome/39.0.2171.99 Safari/537.36"
192.0.0.7 - - [01/Feb/2015:21:50:35 -0800] "GET /datasetlist?ids=Measurement:TemporalResolution:Variable:ProcessingLevel&values=Ocean%20Temperature:1%20Month:Sea%20Surface%20Temperature:*3*&view=list HTTP/1.1" 200 83116 "http://podaac.jpl.nasa.gov/dataset/AMSRE_L3_SST_1DEG_1MO?ids=Measurement:TemporalResolution:Variable&values=Ocean%20Temperature:1%20Month:Sea%20Surface%20Temperature" "Mozilla/5.0 (Windows NT 6.1) AppleWebKit/537.36 (KHTML, like Gecko) Chrome/39.0.2171.99 Safari/537.36"
192.0.0.8 - - [01/Feb/2015:23:40:48 -0800] "GET /datasetlist?search=Pathfinder HTTP/1.1" 200 82518 "http://podaac.jpl.nasa.gov/AVHRR-Pathfinder" "Mozilla/5.0 (Windows NT 6.3; WOW64; Trident/7.0; rv:11.0) like Gecko"
192.0.0.8 - - [01/Feb/2015:23:46:36 -0800] "GET /datasetlist?ids=ProcessingLevel&values=*3*&search=Pathfinder&view=list HTTP/1.1" 200 84398 "http://podaac.jpl.nasa.gov/dataset/AVHRR_PATHFINDER_L3_SST_DAILY_DAYTIME_V5?ids=&values=&search=Pathfinder" "Mozilla/5.0 (Windows NT 6.3; WOW64; Trident/7.0; rv:11.0) like Gecko"
192.0.0.8 - - [01/Feb/2015:23:48:16 -0800] "GET /datasetlist?search=Terra HTTP/1.1" 200 85033 "http://podaac.jpl.nasa.gov/Terra" "Mozilla/5.0 (Windows NT 6.3; WOW64; Trident/7.0; rv:11.0) like Gecko"
192.0.0.9 - - [02/Feb/2015:00:40:23 -0800] "GET /datasetlist?search=OSCAR_L4_OC_third-deghttp%253A HTTP/1.1" 200 76063 "-" "Mozilla/5.0 (Windows NT 6.1; WOW64) AppleWebKit/537.36 (KHTML, like Gecko) Chrome/32.0.1700.102 Safari/537.36"
192.0.0.10 - - [02/Feb/2015:00:51:58 -0800] "GET /datasetlist?ids=TemporalResolution&values=Monthly&search=gimms&view=list HTTP/1.1" 200 76345 "http://podaac.jpl.nasa.gov/datasetlist?ids=TemporalResolution&values=Monthly&search=Pathfinder&view=list" "Mozilla/5.0 (Windows NT 6.1; WOW64) AppleWebKit/537.36 (KHTML, like Gecko) Chrome/40.0.2214.91 Safari/537.36 OPR/27.0.1689.54"
192.0.0.11 - - [02/Feb/2015:00:59:32 -0800] "GET /datasetlist?search=wind%20knmi HTTP/1.1" 200 96088 "http://podaac.jpl.nasa.gov/dataset/EUR-L2P-AVHRR_METOP_A?ids=Measurement:Platform&values=Ocean%20Temperature:MetOp-A" "Mozilla/5.0 (Windows NT 6.1; rv:31.0) Gecko/20100101 Firefox/31.0"
192.0.0.11 - - [02/Feb/2015:01:00:17 -0800] "GET /datasetlist?ids=&values=&search=wind+knmi+osisaf&view=list HTTP/1.1" 200 97061 "http://podaac.jpl.nasa.gov/datasetlist?search=wind%20knmi" "Mozilla/5.0 (Windows NT 6.1; rv:31.0) Gecko/20100101 Firefox/31.0"
192.0.0.12 - - [02/Feb/2015:01:00:53 -0800] "GET /datasetlist?ids=Measurement:ProcessingLevel&values=Ocean%20Temperature:*2* HTTP/1.1" 200 98610 "-" "Mozilla/5.0 (Windows NT 6.1; WOW64) AppleWebKit/537.36 (KHTML, like Gecko) Chrome/32.0.1700.107 Safari/537.36"
192.0.0.11 - - [02/Feb/2015:01:00:57 -0800] "GET /datasetlist?ids=&values=&search=%2Bwind+%2Bknmi+&view=list HTTP/1.1" 200 79611 "http://podaac.jpl.nasa.gov/datasetlist?ids=&values=&search=wind+knmi+osisaf&view=list" "Mozilla/5.0 (Windows NT 6.1; rv:31.0) Gecko/20100101 Firefox/31.0"
192.0.0.4 - - [02/Feb/2015:01:22:08 -0800] "GET /datasetlist?ids=Measurement:ProcessingLevel&values=Ocean%20Waves:*2* HTTP/1.1" 200 87803 "-" "Mozilla/5.0 (Windows NT 6.1; Trident/7.0; rv:11.0) like Gecko"
192.0.0.13- - [02/Feb/2015:01:53:30 -0800] "GET /datasetlist?search=GRACE HTTP/1.1" 200 91260 "http://podaac.jpl.nasa.gov/GRACE" "Mozilla/5.0 (X11; Linux i686; rv:35.0) Gecko/20100101 Firefox/35.0"
192.0.0.13- - [02/Feb/2015:01:54:12 -0800] "GET /datasetlist?ids=TimeSpan&values=%5B7301%20TO%20*%5D&search=GRACE&view=list HTTP/1.1" 200 90952 "http://podaac.jpl.nasa.gov/datasetlist?search=GRACE" "Mozilla/5.0 (X11; Linux i686; rv:35.0) Gecko/20100101 Firefox/35.0"
192.0.0.13- - [02/Feb/2015:01:55:34 -0800] "GET /datasetlist?ids=TimeSpan:ProcessingLevel&values=%5B7301%20TO%20*%5D:*3*&search=GRACE&view=list HTTP/1.1" 200 81702 "http://podaac.jpl.nasa.gov/datasetlist?ids=TimeSpan&values=%5B7301%20TO%20*%5D&search=GRACE&view=list" "Mozilla/5.0 (X11; Linux i686; rv:35.0) Gecko/20100101 Firefox/35.0"
192.0.0.13- - [02/Feb/2015:01:55:43 -0800] "GET /datasetlist?search=GRACE HTTP/1.1" 200 91260 "http://podaac.jpl.nasa.gov/GRACE" "Mozilla/5.0 (X11; Linux i686; rv:35.0) Gecko/20100101 Firefox/35.0"
192.0.0.13- - [02/Feb/2015:01:56:39 -0800] "GET /datasetlist?ids=&values=&search=GRACE&view=list&temporalSearch=2013-02-01T18%3A30%3A00.000ZTO2015-01-30T18%3A30%3A00.000Z HTTP/1.1" 200 94515 "http://podaac.jpl.nasa.gov/datasetlist?search=GRACE" "Mozilla/5.0 (X11; Linux i686; rv:35.0) Gecko/20100101 Firefox/35.0"
192.0.0.14 - - [02/Feb/2015:02:20:10 -0800] "GET /datasetlist?ids=Collections&values=JASON-1&view=list HTTP/1.1" 200 81499 "http://podaac.jpl.nasa.gov/dataset/OSTM_L2_OST_OGDR_GPS" "Mozilla/5.0 (Windows NT 6.1; WOW64) AppleWebKit/537.36 (KHTML, like Gecko) Chrome/40.0.2214.93 Safari/537.36"
192.0.0.13- - [02/Feb/2015:02:20:56 -0800] "GET /datasetlist?search=GRACE HTTP/1.1" 200 91260 "http://podaac.jpl.nasa.gov/GRACE" "Mozilla/5.0 (X11; Linux i686; rv:35.0) Gecko/20100101 Firefox/35.0"
192.0.0.15 - - [02/Feb/2015:02:39:26 -0800] "GET /datasetlist?ids=Measurement&values=Sea%20Surface%20Topography&view=list HTTP/1.1" 200 92872 "http://podaac.jpl.nasa.gov/dataset/MERGED_TP_J1_OSTM_OST_GMSL_ASCII_V2" "Mozilla/5.0 (Windows NT 6.1; rv:35.0) Gecko/20100101 Firefox/35.0"
192.0.0.15 - - [02/Feb/2015:02:40:44 -0800] "GET /datasetlist?ids=Measurement:ProcessingLevel&values=Sea%20Surface%20Topography:*4*&view=list HTTP/1.1" 200 89088 "http://podaac.jpl.nasa.gov/datasetlist?ids=Measurement&values=Sea%20Surface%20Topography&view=list" "Mozilla/5.0 (Windows NT 6.1; rv:35.0) Gecko/20100101 Firefox/35.0"
192.0.0.15 - - [02/Feb/2015:02:42:20 -0800] "GET /datasetlist?ids=Measurement:ProcessingLevel:Variable&values=Sea%20Surface%20Topography:*4*:Sea%20Surface%20Height&view=list HTTP/1.1" 200 90859 "http://podaac.jpl.nasa.gov/dataset/ALT_TIDE_GAUGE_L4_OST_SLA_US_WEST_COAST?ids=Measurement:ProcessingLevel&values=Sea%20Surface%20Topography:*4*" "Mozilla/5.0 (Windows NT 6.1; rv:35.0) Gecko/20100101 Firefox/35.0"
192.0.0.16 - - [02/Feb/2015:03:12:47 -0800] "GET /datasetlist?ids=Measurement&values=Sea+Surface+Topography HTTP/1.1" 200 92854 "-" "Mozilla/5.0 (Windows NT 6.1; WOW64; Trident/7.0; rv:11.0) like Gecko"
192.0.0.17 - - [02/Feb/2015:03:51:50 -0800] "GET /datasetlist?search=MODIS_Aqua_L3_CHLA_Daily_4km_R%2529%252C HTTP/1.1" 200 76111 "-" "Mozilla/5.0 (Windows NT 5.1; rv:35.0) Gecko/20100101 Firefox/35.0"
192.0.0.17 - - [02/Feb/2015:03:53:28 -0800] "GET /datasetlist?ids=&values=&search=MODIS_Aqua_L3_CHLA_Daily_4km_R)%2C&view=list&temporalSearch=2012-03-31T21%3A00%3A00.000ZTO2012-04-29T21%3A00%3A00.000Z HTTP/1.1" 200 76507 "http://podaac.jpl.nasa.gov/datasetlist?search=MODIS_Aqua_L3_CHLA_Daily_4km_R%2529%252C" "Mozilla/5.0 (Windows NT 5.1; rv:35.0) Gecko/20100101 Firefox/35.0"
192.0.0.18 - - [02/Feb/2015:03:53:51 -0800] "GET /datasetlist?ids=Collections&values=CCMP&view=list HTTP/1.1" 200 84944 "-" "Mozilla/5.0 (Windows NT 6.1; WOW64) AppleWebKit/537.36 (KHTML, like Gecko) Chrome/40.0.2214.93 Safari/537.36"
192.0.0.14 - - [02/Feb/2015:03:54:29 -0800] "GET /datasetlist?ids=Measurement&values=Sea+Surface+Topography HTTP/1.1" 200 92854 "-" "Mozilla/5.0 (Windows NT 6.1; WOW64) AppleWebKit/537.36 (KHTML, like Gecko) Chrome/40.0.2214.93 Safari/537.36"
192.0.0.17 - - [02/Feb/2015:03:54:32 -0800] "GET /datasetlist?ids=&values=&search=%22MODIS_Aqua_L3_CHLA_Monthly_4km_R%22&view=list&temporalSearch=2012-03-31T21%3A00%3A00.000ZTO2012-04-29T21%3A00%3A00.000Z HTTP/1.1" 200 80675 "http://podaac.jpl.nasa.gov/datasetlist?ids=&values=&search=MODIS_Aqua_L3_CHLA_Daily_4km_R)%2C&view=list&temporalSearch=2012-03-31T21%3A00%3A00.000ZTO2012-04-29T21%3A00%3A00.000Z" "Mozilla/5.0 (Windows NT 5.1; rv:35.0) Gecko/20100101 Firefox/35.0"
192.0.0.18 - - [02/Feb/2015:03:54:36 -0800] "GET /datasetlist?ids=Collections:TemporalResolution&values=CCMP:1%20Month&view=list HTTP/1.1" 200 84876 "http://podaac.jpl.nasa.gov/datasetlist?ids=Collections&values=CCMP&view=list" "Mozilla/5.0 (Windows NT 6.1; WOW64) AppleWebKit/537.36 (KHTML, like Gecko) Chrome/40.0.2214.93 Safari/537.36"
192.0.0.19 - - [02/Feb/2015:04:07:24 -0800] "GET /datasetlist?search=GHRSST HTTP/1.1" 200 101095 "http://podaac.jpl.nasa.gov/GHRSST/" "Mozilla/5.0 (Windows NT 6.1; WOW64; Trident/7.0; rv:11.0; ; NCLIENT50_AAP5985E6613BA) like Gecko"
192.0.0.20 - - [02/Feb/2015:04:34:17 -0800] "GET /datasetlist?search=Pathfinder HTTP/1.1" 200 82518 "http://podaac-www.jpl.nasa.gov/AVHRR-Pathfinder" "Mozilla/5.0 (Macintosh; Intel Mac OS X 10_9_5) AppleWebKit/537.36 (KHTML, like Gecko) Chrome/40.0.2214.93 Safari/537.36"
192.0.0.20 - - [02/Feb/2015:04:34:34 -0800] "GET /datasetlist?search=GHRSST HTTP/1.1" 200 101095 "http://podaac-www.jpl.nasa.gov/GHRSST" "Mozilla/5.0 (Macintosh; Intel Mac OS X 10_9_5) AppleWebKit/537.36 (KHTML, like Gecko) Chrome/40.0.2214.93 Safari/537.36"
192.0.0.20 - - [02/Feb/2015:04:34:39 -0800] "GET /datasetlist?search=MODIS HTTP/1.1" 200 89193 "http://podaac-www.jpl.nasa.gov/MODIS" "Mozilla/5.0 (Macintosh; Intel Mac OS X 10_9_5) AppleWebKit/537.36 (KHTML, like Gecko) Chrome/40.0.2214.93 Safari/537.36"
192.0.0.20 - - [02/Feb/2015:04:34:42 -0800] "GET /datasetlist?search=Terra HTTP/1.1" 200 85033 "http://podaac-www.jpl.nasa.gov/Terra" "Mozilla/5.0 (Macintosh; Intel Mac OS X 10_9_5) AppleWebKit/537.36 (KHTML, like Gecko) Chrome/40.0.2214.93 Safari/537.36"
192.0.0.20 - - [02/Feb/2015:04:35:06 -0800] "GET /datasetlist?ids=&values=&search=Terra&view=list&temporalSearch=2015-01-05T15%3A00%3A00.000ZTO2015-01-30T15%3A00%3A00.000Z HTTP/1.1" 200 88095 "http://podaac.jpl.nasa.gov/datasetlist?search=Terra" "Mozilla/5.0 (Macintosh; Intel Mac OS X 10_9_5) AppleWebKit/537.36 (KHTML, like Gecko) Chrome/40.0.2214.93 Safari/537.36"
192.0.0.21 - - [02/Feb/2015:04:48:36 -0800] "GET /datasetlist?ids=Platform&values=OSTM%2FJason-2&view=list HTTP/1.0" 200 84644 "http://podaac.jpl.nasa.gov/" "Mozilla/5.0 (X11; Ubuntu; Linux i686; rv:34.0) Gecko/20100101 Firefox/34.0"
192.0.0.21 - - [02/Feb/2015:04:58:44 -0800] "GET /datasetlist?ids=Platform&values=OSTM%2FJason-2&view=list HTTP/1.0" 200 84644 "http://podaac.jpl.nasa.gov/" "Mozilla/5.0 (Windows NT 6.1; WOW64) AppleWebKit/537.36 (KHTML, like Gecko) Chrome/40.0.2214.94 Safari/537.36"
192.0.0.17 - - [02/Feb/2015:05:43:16 -0800] "GET /datasetlist?ids=&values=&search=%22MODIS_Aqua_L3_CHLA_Monthly_4km_R%22&view=list&temporalSearch=2012-03-31T21%3A00%3A00.000ZTO2012-04-29T21%3A00%3A00.000Z HTTP/1.1" 200 80675 "http://podaac.jpl.nasa.gov/datasetlist?ids=&values=&search=MODIS_Aqua_L3_CHLA_Daily_4km_R)%2C&view=list&temporalSearch=2012-03-31T21%3A00%3A00.000ZTO2012-04-29T21%3A00%3A00.000Z" "Mozilla/5.0 (Windows NT 5.1; rv:35.0) Gecko/20100101 Firefox/35.0"
192.0.0.17 - - [02/Feb/2015:05:43:40 -0800] "GET /datasetlist?ids=&values=&search=%22MODIS_Aqua_L2&view=list&temporalSearch=2012-03-31T21%3A00%3A00.000ZTO2012-04-29T21%3A00%3A00.000Z HTTP/1.1" 200 76418 "http://podaac.jpl.nasa.gov/datasetlist?ids=&values=&search=%22MODIS_Aqua_L3_CHLA_Monthly_4km_R%22&view=list&temporalSearch=2012-03-31T21%3A00%3A00.000ZTO2012-04-29T21%3A00%3A00.000Z" "Mozilla/5.0 (Windows NT 5.1; rv:35.0) Gecko/20100101 Firefox/35.0"
192.0.0.17 - - [02/Feb/2015:05:44:35 -0800] "GET /datasetlist?ids=&values=&search=MODIS+Aqua+L2+clorophyll&view=list&temporalSearch=2012-03-31T21%3A00%3A00.000ZTO2012-04-29T21%3A00%3A00.000Z HTTP/1.1" 200 99264 "http://podaac.jpl.nasa.gov/datasetlist?ids=&values=&search=%22MODIS_Aqua_L2&view=list&temporalSearch=2012-03-31T21%3A00%3A00.000ZTO2012-04-29T21%3A00%3A00.000Z" "Mozilla/5.0 (Windows NT 5.1; rv:35.0) Gecko/20100101 Firefox/35.0"
192.0.0.17 - - [02/Feb/2015:05:44:58 -0800] "GET /datasetlist?ids=GridSpatialResolution&values=0.01&search=MODIS%20Aqua%20L2%20clorophyll&temporalSearch=2012-03-31T21%3A00%3A00.000ZTO2012-04-29T21%3A00%3A00.000Z&view=list HTTP/1.1" 200 89931 "http://podaac.jpl.nasa.gov/datasetlist?ids=&values=&search=MODIS+Aqua+L2+clorophyll&view=list&temporalSearch=2012-03-31T21%3A00%3A00.000ZTO2012-04-29T21%3A00%3A00.000Z" "Mozilla/5.0 (Windows NT 5.1; rv:35.0) Gecko/20100101 Firefox/35.0"
192.0.0.17 - - [02/Feb/2015:05:45:23 -0800] "GET /datasetlist?ids=GridSpatialResolution:Sensor&values=0.01:MODIS&search=MODIS%20Aqua%20L2%20clorophyll&temporalSearch=2012-03-31T21%3A00%3A00.000ZTO2012-04-29T21%3A00%3A00.000Z&view=list HTTP/1.1" 200 84779 "http://podaac.jpl.nasa.gov/datasetlist?ids=GridSpatialResolution&values=0.01&search=MODIS%20Aqua%20L2%20clorophyll&temporalSearch=2012-03-31T21%3A00%3A00.000ZTO2012-04-29T21%3A00%3A00.000Z&view=list" "Mozilla/5.0 (Windows NT 5.1; rv:35.0) Gecko/20100101 Firefox/35.0"
192.0.0.17 - - [02/Feb/2015:05:46:29 -0800] "GET /datasetlist?ids=GridSpatialResolution%3ASensor&values=0.01%3AMODIS&search=MODIS+Aqua+L2+CHL&view=list&temporalSearch=2012-03-31T21%3A00%3A00.000ZTO2012-04-29T21%3A00%3A00.000Z HTTP/1.1" 200 84602 "http://podaac.jpl.nasa.gov/datasetlist?ids=GridSpatialResolution:Sensor&values=0.01:MODIS&search=MODIS%20Aqua%20L2%20clorophyll&temporalSearch=2012-03-31T21%3A00%3A00.000ZTO2012-04-29T21%3A00%3A00.000Z&view=list" "Mozilla/5.0 (Windows NT 5.1; rv:35.0) Gecko/20100101 Firefox/35.0"
192.0.0.22 - - [02/Feb/2015:05:46:38 -0800] "GET /datasetlist?ids=Platform&values=NOAA-18&view=list HTTP/1.1" 200 90070 "http://podaac.jpl.nasa.gov/" "Mozilla/5.0 (Windows NT 6.1; rv:34.0) Gecko/20100101 Firefox/34.0"
192.0.0.17 - - [02/Feb/2015:05:46:46 -0800] "GET /datasetlist?ids=Sensor&values=MODIS&search=MODIS%20Aqua%20L2%20CHL&temporalSearch=2012-03-31T21%3A00%3A00.000ZTO2012-04-29T21%3A00%3A00.000Z&view=list HTTP/1.1" 200 88362 "http://podaac.jpl.nasa.gov/datasetlist?ids=GridSpatialResolution%3ASensor&values=0.01%3AMODIS&search=MODIS+Aqua+L2+CHL&view=list&temporalSearch=2012-03-31T21%3A00%3A00.000ZTO2012-04-29T21%3A00%3A00.000Z" "Mozilla/5.0 (Windows NT 5.1; rv:35.0) Gecko/20100101 Firefox/35.0"
192.0.0.22 - - [02/Feb/2015:05:46:48 -0800] "GET /datasetlist?ids=Platform:SatelliteSpatialResolution&values=NOAA-18:9.0&view=list HTTP/1.1" 200 81531 "http://podaac.jpl.nasa.gov/datasetlist?ids=Platform&values=NOAA-18&view=list" "Mozilla/5.0 (Windows NT 6.1; rv:34.0) Gecko/20100101 Firefox/34.0"
192.0.0.17 - - [02/Feb/2015:05:47:17 -0800] "GET /datasetlist?ids=Sensor:Measurement&values=MODIS:Ocean%20Optics&search=MODIS%20Aqua%20L2%20CHL&temporalSearch=2012-03-31T21%3A00%3A00.000ZTO2012-04-29T21%3A00%3A00.000Z&view=list HTTP/1.1" 200 83091 "http://podaac.jpl.nasa.gov/datasetlist?ids=Sensor&values=MODIS&search=MODIS%20Aqua%20L2%20CHL&temporalSearch=2012-03-31T21%3A00%3A00.000ZTO2012-04-29T21%3A00%3A00.000Z&view=list" "Mozilla/5.0 (Windows NT 5.1; rv:35.0) Gecko/20100101 Firefox/35.0"
192.0.0.17 - - [02/Feb/2015:05:47:32 -0800] "GET /datasetlist?ids=Sensor:Measurement:Variable&values=MODIS:Ocean%20Optics:Ocean%20Color&search=MODIS%20Aqua%20L2%20CHL&temporalSearch=2012-03-31T21%3A00%3A00.000ZTO2012-04-29T21%3A00%3A00.000Z&view=list HTTP/1.1" 200 83830 "http://podaac.jpl.nasa.gov/datasetlist?ids=Sensor:Measurement&values=MODIS:Ocean%20Optics&search=MODIS%20Aqua%20L2%20CHL&temporalSearch=2012-03-31T21%3A00%3A00.000ZTO2012-04-29T21%3A00%3A00.000Z&view=list" "Mozilla/5.0 (Windows NT 5.1; rv:35.0) Gecko/20100101 Firefox/35.0"
192.0.0.22 - - [02/Feb/2015:06:00:13 -0800] "GET /datasetlist?search=OSTIA HTTP/1.1" 200 81924 "http://podaac.jpl.nasa.gov/dataset/AVHRR_NAVOCEANO_L2_9KM_MCSST_GAC?ids=Platform:SatelliteSpatialResolution&values=NOAA-18:9.0" "Mozilla/5.0 (Windows NT 6.1; rv:34.0) Gecko/20100101 Firefox/34.0"
192.0.0.18 - - [02/Feb/2015:06:06:32 -0800] "GET /datasetlist?ids=Collections&values=CCMP&view=list HTTP/1.1" 200 84944 "-" "Mozilla/5.0 (Windows NT 6.1; WOW64) AppleWebKit/537.36 (KHTML, like Gecko) Chrome/40.0.2214.93 Safari/537.36"
192.0.0.18 - - [02/Feb/2015:06:06:46 -0800] "GET /datasetlist?ids=Collections:TemporalResolution&values=CCMP:1%20Month&view=list HTTP/1.1" 200 84876 "http://podaac.jpl.nasa.gov/datasetlist?ids=Collections&values=CCMP&view=list" "Mozilla/5.0 (Windows NT 6.1; WOW64) AppleWebKit/537.36 (KHTML, like Gecko) Chrome/40.0.2214.93 Safari/537.36"
192.0.0.6 - - [02/Feb/2015:06:31:22 -0800] "GET /datasetlist?search=Pathfinder HTTP/1.1" 200 82518 "http://podaac.jpl.nasa.gov/AVHRR-Pathfinder" "Mozilla/5.0 (Windows NT 6.3; WOW64; rv:35.0) Gecko/20100101 Firefox/35.0"
192.0.0.6 - - [02/Feb/2015:06:33:02 -0800] "GET /datasetlist?ids=SpatialCoverage&values=Eastern%20Atlantic&view=list HTTP/1.1" 200 81029 "http://podaac.jpl.nasa.gov/dataset/AVHRR_PATHFINDER_L3_SST_7DAY_NIGHTTIME_V5?ids=&values=&search=Pathfinder" "Mozilla/5.0 (Windows NT 6.3; WOW64; rv:35.0) Gecko/20100101 Firefox/35.0"
192.0.0.6 - - [02/Feb/2015:06:35:33 -0800] "GET /datasetlist?ids=SpatialCoverage&values=Northern%20Atlantic&view=list HTTP/1.1" 200 81052 "http://podaac.jpl.nasa.gov/datasetlist?ids=SpatialCoverage&values=Eastern%20Atlantic&view=list" "Mozilla/5.0 (Windows NT 6.3; WOW64; rv:35.0) Gecko/20100101 Firefox/35.0"
192.0.0.23 - - [02/Feb/2015:06:35:51 -0800] "GET /datasetlist?search=CAP HTTP/1.1" 200 80451 "-" "Mozilla/5.0 (compatible; MSIE 9.0; Windows NT 6.1; WOW64; Trident/5.0)"
192.0.0.6 - - [02/Feb/2015:06:35:52 -0800] "GET /datasetlist?ids=Collections&values=AVHRR_PATHFINDER_L3_SST&view=list HTTP/1.1" 200 84093 "http://podaac.jpl.nasa.gov/datasetlist?ids=SpatialCoverage&values=Northern%20Atlantic&view=list" "Mozilla/5.0 (Windows NT 6.3; WOW64; rv:35.0) Gecko/20100101 Firefox/35.0"
192.0.0.23 - - [02/Feb/2015:06:36:07 -0800] "GET /datasetlist?ids=Measurement&values=Ocean%20Winds&search=CAP&view=list HTTP/1.1" 200 82459 "http://podaac.jpl.nasa.gov/datasetlist?search=CAP" "Mozilla/5.0 (compatible; MSIE 9.0; Windows NT 6.1; WOW64; Trident/5.0)"
192.0.0.23 - - [02/Feb/2015:06:47:41 -0800] "GET /datasetlist?search=quikscat HTTP/1.1" 200 99621 "http://podaac.jpl.nasa.gov/" "Mozilla/5.0 (compatible; MSIE 9.0; Windows NT 6.1; WOW64; Trident/5.0)"
192.0.0.24 - - [02/Feb/2015:07:09:24 -0800] "GET /datasetlist HTTP/1.1" 200 111885 "http://podaac.jpl.nasa.gov/?CFID=e949ec95-b8f3-4bc9-bb8e-95836852875d&CFTOKEN=0" "Mozilla/5.0 (Windows NT 6.1; WOW64; rv:34.0) Gecko/20100101 Firefox/34.0"
192.0.0.24 - - [02/Feb/2015:07:09:46 -0800] "GET /datasetlist?ids=Measurement&values=Ocean%20Winds&view=list HTTP/1.1" 200 98343 "http://podaac.jpl.nasa.gov/datasetlist" "Mozilla/5.0 (Windows NT 6.1; WOW64; rv:34.0) Gecko/20100101 Firefox/34.0"
192.0.0.24 - - [02/Feb/2015:07:10:49 -0800] "GET /datasetlist?ids=Measurement:TimeSpan&values=Ocean%20Winds:%5B0%20TO%201825%5D&view=list HTTP/1.1" 200 95417 "http://podaac.jpl.nasa.gov/datasetlist?ids=Measurement&values=Ocean%20Winds&view=list" "Mozilla/5.0 (Windows NT 6.1; WOW64; rv:34.0) Gecko/20100101 Firefox/34.0"
192.0.0.24 - - [02/Feb/2015:07:11:38 -0800] "GET /datasetlist?ids=Measurement:TimeSpan:Variable&values=Ocean%20Winds:%5B0%20TO%201825%5D:Surface%20Winds&view=list HTTP/1.1" 200 97223 "http://podaac.jpl.nasa.gov/datasetlist?ids=Measurement:TimeSpan&values=Ocean%20Winds:%5B0%20TO%201825%5D&view=list" "Mozilla/5.0 (Windows NT 6.1; WOW64; rv:34.0) Gecko/20100101 Firefox/34.0"
192.0.0.24 - - [02/Feb/2015:07:12:22 -0800] "GET /datasetlist?ids=Measurement:TimeSpan:Variable:TemporalResolution&values=Ocean%20Winds:%5B0%20TO%201825%5D:Surface%20Winds:1%20observation%20every%201.44%20seconds%20or%209.5km&view=list HTTP/1.1" 200 84670 "http://podaac.jpl.nasa.gov/datasetlist?ids=Measurement:TimeSpan:Variable&values=Ocean%20Winds:%5B0%20TO%201825%5D:Surface%20Winds&view=list" "Mozilla/5.0 (Windows NT 6.1; WOW64; rv:34.0) Gecko/20100101 Firefox/34.0"